Der Befehl "vswhere.exe" ist entweder falsch geschrieben oder
konnte nicht gefunden werden.
**********************************************************************
** Visual Studio 2022 Developer Command Prompt v17.0
** Copyright (c) 2025 Microsoft Corporation
**********************************************************************
[vcvarsall.bat] Environment initialized for: 'x64'
Regenerating makefiles...
Building...

Microsoft (R) Program Maintenance Utility, Version 14.44.35222.0
Copyright (C) Microsoft Corporation. Alle Rechte vorbehalten.

	cd qmltermwidget\ && ( if not exist Makefile D:\Qt\6.8.3\msvc2022_64\bin\qmake.exe -o Makefile D:\Coding\ClaudeCode\RetroTerminal\cool-retro-term\qmltermwidget\qmltermwidget.pro -spec win32-msvc ) && "C:\Program Files\Microsoft Visual Studio\2022\Community\VC\Tools\MSVC\14.44.35207\bin\HostX64\x64\nmake.exe" -f Makefile

Microsoft (R) Program Maintenance Utility, Version 14.44.35222.0
Copyright (C) Microsoft Corporation. Alle Rechte vorbehalten.

	"C:\Program Files\Microsoft Visual Studio\2022\Community\VC\Tools\MSVC\14.44.35207\bin\HostX64\x64\nmake.exe" -f Makefile.Release

Microsoft (R) Program Maintenance Utility, Version 14.44.35222.0
Copyright (C) Microsoft Corporation. Alle Rechte vorbehalten.

	cd app\ && ( if not exist Makefile D:\Qt\6.8.3\msvc2022_64\bin\qmake.exe -o Makefile D:\Coding\ClaudeCode\RetroTerminal\cool-retro-term\app\app.pro -spec win32-msvc ) && "C:\Program Files\Microsoft Visual Studio\2022\Community\VC\Tools\MSVC\14.44.35207\bin\HostX64\x64\nmake.exe" -f Makefile

Microsoft (R) Program Maintenance Utility, Version 14.44.35222.0
Copyright (C) Microsoft Corporation. Alle Rechte vorbehalten.

	"C:\Program Files\Microsoft Visual Studio\2022\Community\VC\Tools\MSVC\14.44.35207\bin\HostX64\x64\nmake.exe" -f Makefile.Release

Microsoft (R) Program Maintenance Utility, Version 14.44.35222.0
Copyright (C) Microsoft Corporation. Alle Rechte vorbehalten.

	D:\Qt\6.8.3\msvc2022_64\bin\rcc.exe -name resources --no-zstd qml\resources.qrc -o release\qrc_resources.cpp
	cl -c -nologo -Zc:wchar_t -FS -Zc:rvalueCast -Zc:inline -Zc:strictStrings -Zc:throwingNew -permissive- -Zc:__cplusplus -Zc:externConstexpr -O2 -MD -std:c++17 -utf-8 -W3 -w34100 -w34189 -w44456 -w44457 -w44458 -wd4577 -wd4467 -EHsc -DUNICODE -D_UNICODE -DWIN32 -D_ENABLE_EXTENDED_ALIGNED_STORAGE -DWIN64 -DAPP_VERSION=\"rolling-5-gadaeeb9-dirty\" -DKDSINGLEAPPLICATION_STATIC_BUILD -DNDEBUG -DQT_NO_DEBUG -DQT_QUICKCONTROLS2_LIB -DQT_QUICK_LIB -DQT_OPENGL_LIB -DQT_WIDGETS_LIB -DQT_GUI_LIB -DQT_QMLMETA_LIB -DQT_QMLMODELS_LIB -DQT_QMLWORKERSCRIPT_LIB -DQT_QML_LIB -DQT_QMLINTEGRATION_LIB -DQT_NETWORK_LIB -DQT_SQL_LIB -DQT_CORE_LIB -I. -I..\KDSingleApplication\src -ID:\Qt\6.8.3\msvc2022_64\include -ID:\Qt\6.8.3\msvc2022_64\include\QtQuickControls2 -ID:\Qt\6.8.3\msvc2022_64\include\QtQuick -ID:\Qt\6.8.3\msvc2022_64\include\QtOpenGL -ID:\Qt\6.8.3\msvc2022_64\include\QtWidgets -ID:\Qt\6.8.3\msvc2022_64\include\QtGui -ID:\Qt\6.8.3\msvc2022_64\include\QtQmlMeta -ID:\Qt\6.8.3\msvc2022_64\include\QtQmlModels -ID:\Qt\6.8.3\msvc2022_64\include\QtQmlWorkerScript -ID:\Qt\6.8.3\msvc2022_64\include\QtQml -ID:\Qt\6.8.3\msvc2022_64\include\QtQmlIntegration -ID:\Qt\6.8.3\msvc2022_64\include\QtNetwork -ID:\Qt\6.8.3\msvc2022_64\include\QtSql -ID:\Qt\6.8.3\msvc2022_64\include\QtCore -Irelease -I/include -ID:\Qt\6.8.3\msvc2022_64\mkspecs\win32-msvc -Forelease\ @C:\Users\andre\AppData\Local\Temp\nm4996.tmp
qrc_resources.cpp
	link /NOLOGO /DYNAMICBASE /NXCOMPAT /OPT:REF /OPT:ICF /INCREMENTAL:NO /SUBSYSTEM:WINDOWS "/MANIFESTDEPENDENCY:type='win32' name='Microsoft.Windows.Common-Controls' version='6.0.0.0' publicKeyToken='6595b64144ccf1df' language='*' processorArchitecture='*'" /MANIFEST:embed /OUT:..\..\cool-retro-term\cool-retro-term.exe @C:\Users\andre\AppData\Local\Temp\nmB726.tmp
NMAKE_EXIT=0
Das System kann die angegebene Datei nicht finden.
DONE
